// Jest Snapshot v1, https://goo.gl/fbAQLP

exports[`Gift renders correctly 1`] = `
ShallowWrapper {
  Symbol(enzyme.__root__): [Circular],
  Symbol(enzyme.__unrendered__): <Gift
    gift={
        Object {
            "id": 1,
          }
    }
    removeGift={[Function]}
/>,
  Symbol(enzyme.__renderer__): Object {
    "batchedUpdates": [Function],
    "getNode": [Function],
    "render": [Function],
    "simulateEvent": [Function],
    "unmount": [Function],
  },
  Symbol(enzyme.__node__): Object {
    "instance": null,
    "key": undefined,
    "nodeType": "host",
    "props": Object {
      "children": Array [
        <Form
          bsClass="form"
          componentClass="form"
          horizontal={false}
          inline={false}
>
          <FormGroup
                    bsClass="form-group"
          >
                    <ControlLabel
                              bsClass="control-label"
                              srOnly={false}
                    >
                              Person
                    </ControlLabel>
                    <FormControl
                              bsClass="form-control"
                              className="input-person"
                              componentClass="input"
                              onChange={[Function]}
                              placeholder="Person"
                              type="text"
                              value=""
                    />
          </FormGroup>
          <FormGroup
                    bsClass="form-group"
          >
                    <ControlLabel
                              bsClass="control-label"
                              srOnly={false}
                    >
                              Gift
                    </ControlLabel>
                    <FormControl
                              bsClass="form-control"
                              className="input-gift"
                              componentClass="input"
                              onChange={[Function]}
                              placeholder="Gift"
                              type="text"
                              value=""
                    />
          </FormGroup>
</Form>,
        <Button
          active={false}
          block={false}
          bsClass="btn"
          bsStyle="default"
          className="btn-remove"
          disabled={false}
          onClick={[Function]}
>
          Delete
</Button>,
      ],
    },
    "ref": null,
    "rendered": Array [
      Object {
        "instance": null,
        "key": undefined,
        "nodeType": "class",
        "props": Object {
          "bsClass": "form",
          "children": Array [
            <FormGroup
              bsClass="form-group"
>
              <ControlLabel
                            bsClass="control-label"
                            srOnly={false}
              >
                            Person
              </ControlLabel>
              <FormControl
                            bsClass="form-control"
                            className="input-person"
                            componentClass="input"
                            onChange={[Function]}
                            placeholder="Person"
                            type="text"
                            value=""
              />
</FormGroup>,
            <FormGroup
              bsClass="form-group"
>
              <ControlLabel
                            bsClass="control-label"
                            srOnly={false}
              >
                            Gift
              </ControlLabel>
              <FormControl
                            bsClass="form-control"
                            className="input-gift"
                            componentClass="input"
                            onChange={[Function]}
                            placeholder="Gift"
                            type="text"
                            value=""
              />
</FormGroup>,
          ],
          "componentClass": "form",
          "horizontal": false,
          "inline": false,
        },
        "ref": null,
        "rendered": Array [
          Object {
            "instance": null,
            "key": undefined,
            "nodeType": "class",
            "props": Object {
              "bsClass": "form-group",
              "children": Array [
                <ControlLabel
                  bsClass="control-label"
                  srOnly={false}
>
                  Person
</ControlLabel>,
                <FormControl
                  bsClass="form-control"
                  className="input-person"
                  componentClass="input"
                  onChange={[Function]}
                  placeholder="Person"
                  type="text"
                  value=""
/>,
              ],
            },
            "ref": null,
            "rendered": Array [
              Object {
                "instance": null,
                "key": undefined,
                "nodeType": "class",
                "props": Object {
                  "bsClass": "control-label",
                  "children": "Person",
                  "srOnly": false,
                },
                "ref": null,
                "rendered": "Person",
                "type": [Function],
              },
              Object {
                "instance": null,
                "key": undefined,
                "nodeType": "class",
                "props": Object {
                  "bsClass": "form-control",
                  "className": "input-person",
                  "componentClass": "input",
                  "onChange": [Function],
                  "placeholder": "Person",
                  "type": "text",
                  "value": "",
                },
                "ref": null,
                "rendered": null,
                "type": [Function],
              },
            ],
            "type": [Function],
          },
          Object {
            "instance": null,
            "key": undefined,
            "nodeType": "class",
            "props": Object {
              "bsClass": "form-group",
              "children": Array [
                <ControlLabel
                  bsClass="control-label"
                  srOnly={false}
>
                  Gift
</ControlLabel>,
                <FormControl
                  bsClass="form-control"
                  className="input-gift"
                  componentClass="input"
                  onChange={[Function]}
                  placeholder="Gift"
                  type="text"
                  value=""
/>,
              ],
            },
            "ref": null,
            "rendered": Array [
              Object {
                "instance": null,
                "key": undefined,
                "nodeType": "class",
                "props": Object {
                  "bsClass": "control-label",
                  "children": "Gift",
                  "srOnly": false,
                },
                "ref": null,
                "rendered": "Gift",
                "type": [Function],
              },
              Object {
                "instance": null,
                "key": undefined,
                "nodeType": "class",
                "props": Object {
                  "bsClass": "form-control",
                  "className": "input-gift",
                  "componentClass": "input",
                  "onChange": [Function],
                  "placeholder": "Gift",
                  "type": "text",
                  "value": "",
                },
                "ref": null,
                "rendered": null,
                "type": [Function],
              },
            ],
            "type": [Function],
          },
        ],
        "type": [Function],
      },
      Object {
        "instance": null,
        "key": undefined,
        "nodeType": "class",
        "props": Object {
          "active": false,
          "block": false,
          "bsClass": "btn",
          "bsStyle": "default",
          "children": "Delete",
          "className": "btn-remove",
          "disabled": false,
          "onClick": [Function],
        },
        "ref": null,
        "rendered": "Delete",
        "type": [Function],
      },
    ],
    "type": "div",
  },
  Symbol(enzyme.__nodes__): Array [
    Object {
      "instance": null,
      "key": undefined,
      "nodeType": "host",
      "props": Object {
        "children": Array [
          <Form
            bsClass="form"
            componentClass="form"
            horizontal={false}
            inline={false}
>
            <FormGroup
                        bsClass="form-group"
            >
                        <ControlLabel
                                    bsClass="control-label"
                                    srOnly={false}
                        >
                                    Person
                        </ControlLabel>
                        <FormControl
                                    bsClass="form-control"
                                    className="input-person"
                                    componentClass="input"
                                    onChange={[Function]}
                                    placeholder="Person"
                                    type="text"
                                    value=""
                        />
            </FormGroup>
            <FormGroup
                        bsClass="form-group"
            >
                        <ControlLabel
                                    bsClass="control-label"
                                    srOnly={false}
                        >
                                    Gift
                        </ControlLabel>
                        <FormControl
                                    bsClass="form-control"
                                    className="input-gift"
                                    componentClass="input"
                                    onChange={[Function]}
                                    placeholder="Gift"
                                    type="text"
                                    value=""
                        />
            </FormGroup>
</Form>,
          <Button
            active={false}
            block={false}
            bsClass="btn"
            bsStyle="default"
            className="btn-remove"
            disabled={false}
            onClick={[Function]}
>
            Delete
</Button>,
        ],
      },
      "ref": null,
      "rendered": Array [
        Object {
          "instance": null,
          "key": undefined,
          "nodeType": "class",
          "props": Object {
            "bsClass": "form",
            "children": Array [
              <FormGroup
                bsClass="form-group"
>
                <ControlLabel
                                bsClass="control-label"
                                srOnly={false}
                >
                                Person
                </ControlLabel>
                <FormControl
                                bsClass="form-control"
                                className="input-person"
                                componentClass="input"
                                onChange={[Function]}
                                placeholder="Person"
                                type="text"
                                value=""
                />
</FormGroup>,
              <FormGroup
                bsClass="form-group"
>
                <ControlLabel
                                bsClass="control-label"
                                srOnly={false}
                >
                                Gift
                </ControlLabel>
                <FormControl
                                bsClass="form-control"
                                className="input-gift"
                                componentClass="input"
                                onChange={[Function]}
                                placeholder="Gift"
                                type="text"
                                value=""
                />
</FormGroup>,
            ],
            "componentClass": "form",
            "horizontal": false,
            "inline": false,
          },
          "ref": null,
          "rendered": Array [
            Object {
              "instance": null,
              "key": undefined,
              "nodeType": "class",
              "props": Object {
                "bsClass": "form-group",
                "children": Array [
                  <ControlLabel
                    bsClass="control-label"
                    srOnly={false}
>
                    Person
</ControlLabel>,
                  <FormControl
                    bsClass="form-control"
                    className="input-person"
                    componentClass="input"
                    onChange={[Function]}
                    placeholder="Person"
                    type="text"
                    value=""
/>,
                ],
              },
              "ref": null,
              "rendered": Array [
                Object {
                  "instance": null,
                  "key": undefined,
                  "nodeType": "class",
                  "props": Object {
                    "bsClass": "control-label",
                    "children": "Person",
                    "srOnly": false,
                  },
                  "ref": null,
                  "rendered": "Person",
                  "type": [Function],
                },
                Object {
                  "instance": null,
                  "key": undefined,
                  "nodeType": "class",
                  "props": Object {
                    "bsClass": "form-control",
                    "className": "input-person",
                    "componentClass": "input",
                    "onChange": [Function],
                    "placeholder": "Person",
                    "type": "text",
                    "value": "",
                  },
                  "ref": null,
                  "rendered": null,
                  "type": [Function],
                },
              ],
              "type": [Function],
            },
            Object {
              "instance": null,
              "key": undefined,
              "nodeType": "class",
              "props": Object {
                "bsClass": "form-group",
                "children": Array [
                  <ControlLabel
                    bsClass="control-label"
                    srOnly={false}
>
                    Gift
</ControlLabel>,
                  <FormControl
                    bsClass="form-control"
                    className="input-gift"
                    componentClass="input"
                    onChange={[Function]}
                    placeholder="Gift"
                    type="text"
                    value=""
/>,
                ],
              },
              "ref": null,
              "rendered": Array [
                Object {
                  "instance": null,
                  "key": undefined,
                  "nodeType": "class",
                  "props": Object {
                    "bsClass": "control-label",
                    "children": "Gift",
                    "srOnly": false,
                  },
                  "ref": null,
                  "rendered": "Gift",
                  "type": [Function],
                },
                Object {
                  "instance": null,
                  "key": undefined,
                  "nodeType": "class",
                  "props": Object {
                    "bsClass": "form-control",
                    "className": "input-gift",
                    "componentClass": "input",
                    "onChange": [Function],
                    "placeholder": "Gift",
                    "type": "text",
                    "value": "",
                  },
                  "ref": null,
                  "rendered": null,
                  "type": [Function],
                },
              ],
              "type": [Function],
            },
          ],
          "type": [Function],
        },
        Object {
          "instance": null,
          "key": undefined,
          "nodeType": "class",
          "props": Object {
            "active": false,
            "block": false,
            "bsClass": "btn",
            "bsStyle": "default",
            "children": "Delete",
            "className": "btn-remove",
            "disabled": false,
            "onClick": [Function],
          },
          "ref": null,
          "rendered": "Delete",
          "type": [Function],
        },
      ],
      "type": "div",
    },
  ],
  Symbol(enzyme.__options__): Object {
    "adapter": ReactSixteenAdapter {
      "options": Object {
        "enableComponentDidUpdateOnSetState": true,
        "lifecycles": Object {
          "componentDidUpdate": Object {
            "onSetState": true,
          },
          "getSnapshotBeforeUpdate": true,
        },
      },
    },
    "attachTo": undefined,
    "hydrateIn": undefined,
  },
}
`;
